// Jest Snapshot v1, https://goo.gl/fbAQLP

exports[`<Menu /> renders Menu snapshot 1`] = `
<ion-menu
  content-id="main-content"
>
  <ion-content>
    <ion-list
      lines="inset"
    >
      <ion-list-header
        lines="inset"
      >
        <ion-label>
          <h1>
            Header
          </h1>
        </ion-label>
      </ion-list-header>
      <ion-menu-toggle
        auto-hide="false"
      >
        <ion-item
          button={true}
          data-testid="button"
          onClick={[Function]}
        >
          <ion-icon
            icon="data:image/svg+xml;utf8,<svg xmlns='http://www.w3.org/2000/svg' class='ionicon' viewBox='0 0 512 512'><title>Log Out</title><path d='M304 336v40a40 40 0 01-40 40H104a40 40 0 01-40-40V136a40 40 0 0140-40h152c22.09 0 48 17.91 48 40v40M368 336l80-80-80-80M176 256h256' stroke-linecap='round' stroke-linejoin='round' class='ionicon-fill-none ionicon-stroke-width'/></svg>"
            slot="start"
          />
          <ion-label>
            Log Out
          </ion-label>
        </ion-item>
      </ion-menu-toggle>
    </ion-list>
  </ion-content>
</ion-menu>
`;
