// Jest Snapshot v1, https://goo.gl/fbAQLP

exports[`<SitesList /> matches snapshot 1`] = `
Array [
  <ion-refresher
    slot="fixed"
  >
    <ion-refresher-content />
  </ion-refresher>,
  <ion-list>
    <ion-item
      button={true}
      onClick={[Function]}
    >
      <ion-label>
        <h2>
          Bartons Springs Pool
        </h2>
        <h3>
          2201 William Barton Dr, Austin, TX 78746
        </h3>
      </ion-label>
    </ion-item>
    <ion-item
      button={true}
      onClick={[Function]}
    >
      <ion-label>
        <h2>
          Texas Capitol
        </h2>
        <h3>
          1100 Congress Ave, Austin, TX 78701
        </h3>
      </ion-label>
    </ion-item>
  </ion-list>,
]
`;

exports[`<SitesList /> matches snapshot empty list 1`] = `
Array [
  <ion-refresher
    slot="fixed"
  >
    <ion-refresher-content />
  </ion-refresher>,
  <ion-list />,
]
`;
