// Jest Snapshot v1, https://goo.gl/fbAQLP

exports[`<SitesPage /> matches snapshot 1`] = `
<div
  className="ion-page"
>
  <ion-header>
    <ion-toolbar>
      <ion-buttons
        slot="start"
      >
        <ion-menu-button />
      </ion-buttons>
      <ion-title>
        Sites
      </ion-title>
      <ion-buttons
        slot="primary"
      >
        <ion-button
          data-testid="button"
          onClick={[Function]}
          slot="end"
        >
          <ion-icon
            icon="data:image/svg+xml;utf8,<svg xmlns='http://www.w3.org/2000/svg' class='ionicon' viewBox='0 0 512 512'><title>Map</title><path d='M313.27 124.64L198.73 51.36a32 32 0 00-29.28.35L56.51 127.49A16 16 0 0048 141.63v295.8a16 16 0 0023.49 14.14l97.82-63.79a32 32 0 0129.5-.24l111.86 73a32 32 0 0029.27-.11l115.43-75.94a16 16 0 008.63-14.2V74.57a16 16 0 00-23.49-14.14l-98 63.86a32 32 0 01-29.24.35zM328 128v336M184 48v336' stroke-linecap='round' stroke-linejoin='round' class='ionicon-fill-none ionicon-stroke-width'/></svg>"
          />
        </ion-button>
      </ion-buttons>
    </ion-toolbar>
  </ion-header>
  <ion-content>
    <ion-refresher
      slot="fixed"
    >
      <ion-refresher-content />
    </ion-refresher>
    <ion-list />
  </ion-content>
</div>
`;
